[0m00:40:58.210415 [debug] [MainThread]: Sending event: {'category': 'dbt', 'action': 'invocation', 'label': 'start', 'context': [<snowplow_tracker.self_describing_json.SelfDescribingJson object at 0x000001FAB33BD6A0>, <snowplow_tracker.self_describing_json.SelfDescribingJson object at 0x000001FAB0C7D090>, <snowplow_tracker.self_describing_json.SelfDescribingJson object at 0x000001FAB5CA3C50>]}


============================== 00:40:58.220601 | 6db4a94a-db6b-40e4-83c8-08844f652db7 ==============================
[0m00:40:58.220601 [info ] [MainThread]: Running with dbt=1.12.0
[0m00:40:58.221843 [debug] [MainThread]: running dbt with arguments {'maximum_seed_size_mib': '1', 'no_print': 'None', 'version_check': 'True', 'target_path': 'None', 'static_parser': 'True', 'warn_error_options': 'WarnErrorOptionsV2(error=[], warn=[], silence=[])', 'printer_width': '80', 'write_json': 'True', 'introspect': 'True', 'log_cache_events': 'False', 'empty': 'None', 'cache_selected_only': 'False', 'log_format': 'default', 'debug': 'False', 'fail_fast': 'False', 'profiles_dir': 'C:\\Users\\boraa\\.dbt', 'send_anonymous_usage_stats': 'True', 'quiet': 'False', 'warn_error': 'None', 'partial_parse': 'True', 'use_colors': 'True', 'hints_enabled': 'True', 'invocation_command': 'dbt debug --project-dir pipeline_dbt', 'use_experimental_parser': 'False', 'indirect_selection': 'eager', 'log_path': 'pipeline_dbt\\logs'}
[0m00:40:58.298516 [info ] [MainThread]: dbt version: 1.12.0
[0m00:40:58.298950 [info ] [MainThread]: python version: 3.14.5
[0m00:40:58.299268 [info ] [MainThread]: python path: C:\Python314\python.exe
[0m00:40:58.299661 [info ] [MainThread]: os info: Windows-11-10.0.26200-SP0
[0m00:40:58.434075 [info ] [MainThread]: Using profiles dir at C:\Users\boraa\.dbt
[0m00:40:58.434587 [info ] [MainThread]: Using profiles.yml file at C:\Users\boraa\.dbt\profiles.yml
[0m00:40:58.434989 [info ] [MainThread]: Using dbt_project.yml file at pipeline_dbt\dbt_project.yml
[0m00:40:58.437585 [info ] [MainThread]: adapter type: postgres
[0m00:40:58.439030 [info ] [MainThread]: adapter version: 1.11.0
[0m00:40:58.543589 [info ] [MainThread]: Configuration:
[0m00:40:58.544030 [info ] [MainThread]:   profiles.yml file [[32mOK found and valid[0m]
[0m00:40:58.544324 [info ] [MainThread]:   dbt_project.yml file [[32mOK found and valid[0m]
[0m00:40:58.544663 [info ] [MainThread]: Required dependencies:
[0m00:40:58.545210 [debug] [MainThread]: Executing "git --help"
[0m00:40:58.596690 [debug] [MainThread]: STDOUT: "b"usage: git [-v | --version] [-h | --help] [-C <path>] [-c <name>=<value>]\n           [--exec-path[=<path>]] [--html-path] [--man-path] [--info-path]\n           [-p | --paginate | -P | --no-pager] [--no-replace-objects] [--no-lazy-fetch]\n           [--no-optional-locks] [--no-advice] [--bare] [--git-dir=<path>]\n           [--work-tree=<path>] [--namespace=<name>] [--config-env=<name>=<envvar>]\n           <command> [<args>]\n\nThese are common Git commands used in various situations:\n\nstart a working area (see also: git help tutorial)\n   clone      Clone a repository into a new directory\n   init       Create an empty Git repository or reinitialize an existing one\n\nwork on the current change (see also: git help everyday)\n   add        Add file contents to the index\n   mv         Move or rename a file, a directory, or a symlink\n   restore    Restore working tree files\n   rm         Remove files from the working tree and from the index\n\nexamine the history and state (see also: git help revisions)\n   bisect     Use binary search to find the commit that introduced a bug\n   diff       Show changes between commits, commit and working tree, etc\n   grep       Print lines matching a pattern\n   log        Show commit logs\n   show       Show various types of objects\n   status     Show the working tree status\n\ngrow, mark and tweak your common history\n   backfill   Download missing objects in a partial clone\n   branch     List, create, or delete branches\n   commit     Record changes to the repository\n   history    EXPERIMENTAL: Rewrite history\n   merge      Join two or more development histories together\n   rebase     Reapply commits on top of another base tip\n   reset      Set `HEAD` or the index to a known state\n   switch     Switch branches\n   tag        Create, list, delete or verify tags\n\ncollaborate (see also: git help workflows)\n   fetch      Download objects and refs from another repository\n   pull       Fetch from and integrate with another repository or a local branch\n   push       Update remote refs along with associated objects\n\n'git help -a' and 'git help -g' list available subcommands and some\nconcept guides. See 'git help <command>' or 'git help <concept>'\nto read about a specific subcommand or concept.\nSee 'git help git' for an overview of the system.\n""
[0m00:40:58.597199 [debug] [MainThread]: STDERR: "b''"
[0m00:40:58.597572 [info ] [MainThread]:  - git [[32mOK found[0m]

[0m00:40:58.597893 [info ] [MainThread]: Connection:
[0m00:40:58.598179 [info ] [MainThread]:   host: ep-fancy-union-azm1nf5r.c-3.ap-southeast-1.aws.neon.tech
[0m00:40:58.598473 [info ] [MainThread]:   port: 5432
[0m00:40:58.598859 [info ] [MainThread]:   user: neondb_owner
[0m00:40:58.599196 [info ] [MainThread]:   database: neondb
[0m00:40:58.599484 [info ] [MainThread]:   schema: public
[0m00:40:58.599813 [info ] [MainThread]:   connect_timeout: 10
[0m00:40:58.600172 [info ] [MainThread]:   role: None
[0m00:40:58.600502 [info ] [MainThread]:   search_path: None
[0m00:40:58.600787 [info ] [MainThread]:   keepalives_idle: 0
[0m00:40:58.601065 [info ] [MainThread]:   sslmode: require
[0m00:40:58.601407 [info ] [MainThread]:   sslcert: None
[0m00:40:58.601774 [info ] [MainThread]:   sslkey: None
[0m00:40:58.602149 [info ] [MainThread]:   sslrootcert: None
[0m00:40:58.602825 [info ] [MainThread]:   application_name: dbt
[0m00:40:58.603307 [info ] [MainThread]:   autocommit: False
[0m00:40:58.604304 [info ] [MainThread]:   retries: 1
[0m00:40:58.605191 [info ] [MainThread]: Registered adapter: postgres=1.11.0
[0m00:40:58.813623 [debug] [MainThread]: Acquiring new postgres connection 'debug'
[0m00:40:58.866588 [debug] [MainThread]: Using postgres connection "debug"
[0m00:40:58.866966 [debug] [MainThread]: On debug: select 1 as id
[0m00:40:58.867205 [debug] [MainThread]: Opening a new connection, currently in state init
[0m00:41:00.163651 [debug] [MainThread]: SQL status: SELECT 1 in 1.296 seconds
[0m00:41:00.164750 [debug] [MainThread]: On debug: Close
[0m00:41:00.165466 [info ] [MainThread]:   Connection test: [[32mOK connection ok[0m]

[0m00:41:00.165835 [info ] [MainThread]: [32mAll checks passed![0m
[0m00:41:00.166610 [debug] [MainThread]: Command `dbt debug` succeeded at 00:41:00.166484 after 2.19 seconds
[0m00:41:00.166930 [debug] [MainThread]: Connection 'debug' was properly closed.
[0m00:41:00.167231 [debug] [MainThread]: Sending event: {'category': 'dbt', 'action': 'invocation', 'label': 'end', 'context': [<snowplow_tracker.self_describing_json.SelfDescribingJson object at 0x000001FAB5D1B360>, <snowplow_tracker.self_describing_json.SelfDescribingJson object at 0x000001FAB5F5FAD0>, <snowplow_tracker.self_describing_json.SelfDescribingJson object at 0x000001FAB3EC3020>]}
[0m00:41:00.167858 [debug] [MainThread]: Flushing usage events
[0m00:41:01.481696 [debug] [MainThread]: An error was encountered while trying to flush usage events
[0m00:41:15.068054 [debug] [MainThread]: Sending event: {'category': 'dbt', 'action': 'invocation', 'label': 'start', 'context': [<snowplow_tracker.self_describing_json.SelfDescribingJson object at 0x000002C924F996A0>, <snowplow_tracker.self_describing_json.SelfDescribingJson object at 0x000002C92285D090>, <snowplow_tracker.self_describing_json.SelfDescribingJson object at 0x000002C9278CBC50>]}


============================== 00:41:15.081076 | a0ac0366-c795-43ed-b069-b99d6d6f0888 ==============================
[0m00:41:15.081076 [info ] [MainThread]: Running with dbt=1.12.0
[0m00:41:15.081786 [debug] [MainThread]: running dbt with arguments {'version_check': 'True', 'no_print': 'None', 'maximum_seed_size_mib': '1', 'warn_error_options': 'WarnErrorOptionsV2(error=[], warn=[], silence=[])', 'target_path': 'None', 'static_parser': 'True', 'printer_width': '80', 'write_json': 'True', 'introspect': 'True', 'log_cache_events': 'False', 'empty': 'False', 'cache_selected_only': 'False', 'log_format': 'default', 'debug': 'False', 'fail_fast': 'False', 'profiles_dir': 'C:\\Users\\boraa\\.dbt', 'send_anonymous_usage_stats': 'True', 'quiet': 'False', 'warn_error': 'None', 'partial_parse': 'True', 'use_colors': 'True', 'hints_enabled': 'True', 'invocation_command': 'dbt compile --project-dir pipeline_dbt', 'use_experimental_parser': 'False', 'indirect_selection': 'eager', 'log_path': 'pipeline_dbt\\logs'}
[0m00:41:15.387193 [debug] [MainThread]: Sending event: {'category': 'dbt', 'action': 'project_id', 'label': 'a0ac0366-c795-43ed-b069-b99d6d6f0888', 'context': [<snowplow_tracker.self_describing_json.SelfDescribingJson object at 0x000002C927892520>]}
[0m00:41:15.477012 [debug] [MainThread]: Sending event: {'category': 'dbt', 'action': 'adapter_info', 'label': 'a0ac0366-c795-43ed-b069-b99d6d6f0888', 'context': [<snowplow_tracker.self_describing_json.SelfDescribingJson object at 0x000002C92279FDF0>]}
[0m00:41:15.478383 [info ] [MainThread]: Registered adapter: postgres=1.11.0
[0m00:41:15.765772 [debug] [MainThread]: checksum: 628b6ff9b54eb2930c9784c4346b1a337bfa80abafd5fbeb724f8983f6323adb, vars: {}, profile: pipeline_dbt, target: dev, version: 1.12.0
[0m00:41:15.766918 [info ] [MainThread]: Unable to do partial parsing because saved manifest not found. Starting full parse.
[0m00:41:15.767369 [debug] [MainThread]: Sending event: {'category': 'dbt', 'action': 'partial_parser', 'label': 'a0ac0366-c795-43ed-b069-b99d6d6f0888', 'context': [<snowplow_tracker.self_describing_json.SelfDescribingJson object at 0x000002C92788D350>]}
[0m00:41:17.927861 [debug] [MainThread]: Sending event: {'category': 'dbt', 'action': 'load_project', 'label': 'a0ac0366-c795-43ed-b069-b99d6d6f0888', 'context': [<snowplow_tracker.self_describing_json.SelfDescribingJson object at 0x000002C92836CD70>]}
[0m00:41:18.081085 [debug] [MainThread]: Wrote artifact WritableManifest to pipeline_dbt\target\manifest.json
[0m00:41:18.086032 [debug] [MainThread]: Wrote artifact SemanticManifest to pipeline_dbt\target\semantic_manifest.json
[0m00:41:18.114038 [debug] [MainThread]: Wrote artifact OsiDocument to pipeline_dbt\target\osi_document.json
[0m00:41:18.142911 [debug] [MainThread]: Sending event: {'category': 'dbt', 'action': 'resource_counts', 'label': 'a0ac0366-c795-43ed-b069-b99d6d6f0888', 'context': [<snowplow_tracker.self_describing_json.SelfDescribingJson object at 0x000002C9283F7CB0>]}
[0m00:41:18.143553 [info ] [MainThread]: Found 3 models, 9 data tests, 2 sources, 477 macros
[0m00:41:18.144094 [debug] [MainThread]: Sending event: {'category': 'dbt', 'action': 'runnable_timing', 'label': 'a0ac0366-c795-43ed-b069-b99d6d6f0888', 'context': [<snowplow_tracker.self_describing_json.SelfDescribingJson object at 0x000002C9285831E0>]}
[0m00:41:18.147028 [info ] [MainThread]: 
[0m00:41:18.147518 [info ] [MainThread]: Concurrency: 1 threads (target='dev')
[0m00:41:18.148030 [info ] [MainThread]: 
[0m00:41:18.148936 [debug] [MainThread]: Acquiring new postgres connection 'master'
[0m00:41:18.156198 [debug] [ThreadPool]: Acquiring new postgres connection 'list_neondb_public_public'
[0m00:41:18.260922 [debug] [ThreadPool]: Using postgres connection "list_neondb_public_public"
[0m00:41:18.261713 [debug] [ThreadPool]: On list_neondb_public_public: /* {"app": "dbt", "dbt_version": "1.12.0", "profile_name": "pipeline_dbt", "target_name": "dev", "connection_name": "list_neondb_public_public"} */
select
      'neondb' as database,
      tablename as name,
      schemaname as schema,
      'table' as type
    from pg_tables
    where schemaname ilike 'public_public'
    union all
    select
      'neondb' as database,
      viewname as name,
      schemaname as schema,
      'view' as type
    from pg_views
    where schemaname ilike 'public_public'
    union all
    select
      'neondb' as database,
      matviewname as name,
      schemaname as schema,
      'materialized_view' as type
    from pg_matviews
    where schemaname ilike 'public_public'
    union all
    select distinct
     'neondb' as database,
     proname as name,
     ns.nspname as schema,
     'function' as type
    from pg_proc
     join pg_namespace as ns on pronamespace = ns.oid
    where ns.nspname ilike 'public_public'
  
[0m00:41:18.262400 [debug] [ThreadPool]: Opening a new connection, currently in state init
[0m00:41:19.110654 [debug] [ThreadPool]: SQL status: SELECT 0 in 0.848 seconds
[0m00:41:19.112295 [debug] [ThreadPool]: On list_neondb_public_public: ROLLBACK
[0m00:41:19.192994 [debug] [ThreadPool]: On list_neondb_public_public: Close
[0m00:41:19.197661 [debug] [MainThread]: Using postgres connection "master"
[0m00:41:19.198174 [debug] [MainThread]: On master: /* {"app": "dbt", "dbt_version": "1.12.0", "profile_name": "pipeline_dbt", "target_name": "dev", "connection_name": "master"} */
select distinct
        dependent_namespace.nspname as dependent_schema,
        dependent_class.relname as dependent_name,
        referenced_namespace.nspname as referenced_schema,
        referenced_class.relname as referenced_name

    -- Query for views: views are entries in pg_class with an entry in pg_rewrite, but we avoid
    -- a seq scan on pg_rewrite by leveraging the fact there is an "internal" row in pg_depend for
    -- the view...
    from pg_class as dependent_class
    join pg_namespace as dependent_namespace on dependent_namespace.oid = dependent_class.relnamespace
    join pg_depend as dependent_depend on dependent_depend.refobjid = dependent_class.oid
        and dependent_depend.classid = 'pg_rewrite'::regclass
        and dependent_depend.refclassid = 'pg_class'::regclass
        and dependent_depend.deptype = 'i'

    -- ... and via pg_depend (that has a row per column, hence the need for "distinct" above, and
    -- making sure to exclude the internal row to avoid a view appearing to depend on itself)...
    join pg_depend as joining_depend on joining_depend.objid = dependent_depend.objid
        and joining_depend.classid = 'pg_rewrite'::regclass
        and joining_depend.refclassid = 'pg_class'::regclass
        and joining_depend.refobjid != dependent_depend.refobjid

    -- ... we can find the tables they query from in pg_class, but excluding system tables. Note we
    -- don't need need to exclude _dependent_ system tables, because they only query from other
    -- system tables, and so are automatically excluded by excluding _referenced_ system tables
    join pg_class as referenced_class on referenced_class.oid = joining_depend.refobjid
    join pg_namespace as referenced_namespace on referenced_namespace.oid = referenced_class.relnamespace
        and referenced_namespace.nspname != 'information_schema'
        and referenced_namespace.nspname not like 'pg\_%'

    order by
        dependent_schema, dependent_name, referenced_schema, referenced_name;
[0m00:41:19.198576 [debug] [MainThread]: Opening a new connection, currently in state init
[0m00:41:19.909228 [debug] [MainThread]: SQL status: SELECT 0 in 0.711 seconds
[0m00:41:19.910519 [debug] [MainThread]: Sending event: {'category': 'dbt', 'action': 'runnable_timing', 'label': 'a0ac0366-c795-43ed-b069-b99d6d6f0888', 'context': [<snowplow_tracker.self_describing_json.SelfDescribingJson object at 0x000002C92850E450>]}
[0m00:41:19.911004 [debug] [MainThread]: On master: ROLLBACK
[0m00:41:19.990670 [debug] [MainThread]: On master: Close
[0m00:41:19.999639 [debug] [Thread-1 (]: Began running node model.pipeline_dbt.silver_ridership
[0m00:41:20.000991 [debug] [Thread-1 (]: Acquiring new postgres connection 'model.pipeline_dbt.silver_ridership'
[0m00:41:20.002318 [debug] [Thread-1 (]: Began compiling node model.pipeline_dbt.silver_ridership
[0m00:41:20.010227 [debug] [Thread-1 (]: Writing injected SQL for node "model.pipeline_dbt.silver_ridership"
[0m00:41:20.012704 [debug] [Thread-1 (]: Began executing node model.pipeline_dbt.silver_ridership
[0m00:41:20.013715 [debug] [Thread-1 (]: Finished running node model.pipeline_dbt.silver_ridership
[0m00:41:20.014176 [debug] [Thread-1 (]: Began running node model.pipeline_dbt.silver_weather
[0m00:41:20.014615 [debug] [Thread-1 (]: Re-using an available connection from the pool (formerly model.pipeline_dbt.silver_ridership, now model.pipeline_dbt.silver_weather)
[0m00:41:20.014991 [debug] [Thread-1 (]: Began compiling node model.pipeline_dbt.silver_weather
[0m00:41:20.019456 [debug] [Thread-1 (]: Writing injected SQL for node "model.pipeline_dbt.silver_weather"
[0m00:41:20.021585 [debug] [Thread-1 (]: Began executing node model.pipeline_dbt.silver_weather
[0m00:41:20.022933 [debug] [Thread-1 (]: Finished running node model.pipeline_dbt.silver_weather
[0m00:41:20.023469 [debug] [Thread-1 (]: Began running node test.pipeline_dbt.not_null_silver_ridership_duration_minutes.8d489b81eb
[0m00:41:20.024108 [debug] [Thread-1 (]: Re-using an available connection from the pool (formerly model.pipeline_dbt.silver_weather, now test.pipeline_dbt.not_null_silver_ridership_duration_minutes.8d489b81eb)
[0m00:41:20.024615 [debug] [Thread-1 (]: Began compiling node test.pipeline_dbt.not_null_silver_ridership_duration_minutes.8d489b81eb
[0m00:41:20.043838 [debug] [Thread-1 (]: Writing injected SQL for node "test.pipeline_dbt.not_null_silver_ridership_duration_minutes.8d489b81eb"
[0m00:41:20.045718 [debug] [Thread-1 (]: Began executing node test.pipeline_dbt.not_null_silver_ridership_duration_minutes.8d489b81eb
[0m00:41:20.046610 [debug] [Thread-1 (]: Finished running node test.pipeline_dbt.not_null_silver_ridership_duration_minutes.8d489b81eb
[0m00:41:20.047058 [debug] [Thread-1 (]: Began running node test.pipeline_dbt.not_null_silver_ridership_trip_id.332b0b9dd3
[0m00:41:20.047475 [debug] [Thread-1 (]: Re-using an available connection from the pool (formerly test.pipeline_dbt.not_null_silver_ridership_duration_minutes.8d489b81eb, now test.pipeline_dbt.not_null_silver_ridership_trip_id.332b0b9dd3)
[0m00:41:20.047841 [debug] [Thread-1 (]: Began compiling node test.pipeline_dbt.not_null_silver_ridership_trip_id.332b0b9dd3
[0m00:41:20.056697 [debug] [Thread-1 (]: Writing injected SQL for node "test.pipeline_dbt.not_null_silver_ridership_trip_id.332b0b9dd3"
[0m00:41:20.058083 [debug] [Thread-1 (]: Began executing node test.pipeline_dbt.not_null_silver_ridership_trip_id.332b0b9dd3
[0m00:41:20.059183 [debug] [Thread-1 (]: Finished running node test.pipeline_dbt.not_null_silver_ridership_trip_id.332b0b9dd3
[0m00:41:20.059609 [debug] [Thread-1 (]: Began running node test.pipeline_dbt.unique_silver_ridership_trip_id.ad75e9d330
[0m00:41:20.060033 [debug] [Thread-1 (]: Re-using an available connection from the pool (formerly test.pipeline_dbt.not_null_silver_ridership_trip_id.332b0b9dd3, now test.pipeline_dbt.unique_silver_ridership_trip_id.ad75e9d330)
[0m00:41:20.060413 [debug] [Thread-1 (]: Began compiling node test.pipeline_dbt.unique_silver_ridership_trip_id.ad75e9d330
[0m00:41:20.073196 [debug] [Thread-1 (]: Writing injected SQL for node "test.pipeline_dbt.unique_silver_ridership_trip_id.ad75e9d330"
[0m00:41:20.074783 [debug] [Thread-1 (]: Began executing node test.pipeline_dbt.unique_silver_ridership_trip_id.ad75e9d330
[0m00:41:20.076002 [debug] [Thread-1 (]: Finished running node test.pipeline_dbt.unique_silver_ridership_trip_id.ad75e9d330
[0m00:41:20.076483 [debug] [Thread-1 (]: Began running node model.pipeline_dbt.gold_daily_summary
[0m00:41:20.077026 [debug] [Thread-1 (]: Re-using an available connection from the pool (formerly test.pipeline_dbt.unique_silver_ridership_trip_id.ad75e9d330, now model.pipeline_dbt.gold_daily_summary)
[0m00:41:20.077455 [debug] [Thread-1 (]: Began compiling node model.pipeline_dbt.gold_daily_summary
[0m00:41:20.080096 [debug] [Thread-1 (]: Writing injected SQL for node "model.pipeline_dbt.gold_daily_summary"
[0m00:41:20.081993 [debug] [Thread-1 (]: Began executing node model.pipeline_dbt.gold_daily_summary
[0m00:41:20.083135 [debug] [Thread-1 (]: Finished running node model.pipeline_dbt.gold_daily_summary
[0m00:41:20.084174 [debug] [Thread-1 (]: Began running node test.pipeline_dbt.not_null_silver_weather_date.3f33ce519e
[0m00:41:20.085578 [debug] [Thread-1 (]: Re-using an available connection from the pool (formerly model.pipeline_dbt.gold_daily_summary, now test.pipeline_dbt.not_null_silver_weather_date.3f33ce519e)
[0m00:41:20.086210 [debug] [Thread-1 (]: Began compiling node test.pipeline_dbt.not_null_silver_weather_date.3f33ce519e
[0m00:41:20.093529 [debug] [Thread-1 (]: Writing injected SQL for node "test.pipeline_dbt.not_null_silver_weather_date.3f33ce519e"
[0m00:41:20.094981 [debug] [Thread-1 (]: Began executing node test.pipeline_dbt.not_null_silver_weather_date.3f33ce519e
[0m00:41:20.096069 [debug] [Thread-1 (]: Finished running node test.pipeline_dbt.not_null_silver_weather_date.3f33ce519e
[0m00:41:20.096498 [debug] [Thread-1 (]: Began running node test.pipeline_dbt.not_null_silver_weather_temp_avg_c.4c39751c92
[0m00:41:20.096917 [debug] [Thread-1 (]: Re-using an available connection from the pool (formerly test.pipeline_dbt.not_null_silver_weather_date.3f33ce519e, now test.pipeline_dbt.not_null_silver_weather_temp_avg_c.4c39751c92)
[0m00:41:20.097282 [debug] [Thread-1 (]: Began compiling node test.pipeline_dbt.not_null_silver_weather_temp_avg_c.4c39751c92
[0m00:41:20.107727 [debug] [Thread-1 (]: Writing injected SQL for node "test.pipeline_dbt.not_null_silver_weather_temp_avg_c.4c39751c92"
[0m00:41:20.109416 [debug] [Thread-1 (]: Began executing node test.pipeline_dbt.not_null_silver_weather_temp_avg_c.4c39751c92
[0m00:41:20.110358 [debug] [Thread-1 (]: Finished running node test.pipeline_dbt.not_null_silver_weather_temp_avg_c.4c39751c92
[0m00:41:20.110904 [debug] [Thread-1 (]: Began running node test.pipeline_dbt.unique_silver_weather_date.89dfea3c81
[0m00:41:20.111333 [debug] [Thread-1 (]: Re-using an available connection from the pool (formerly test.pipeline_dbt.not_null_silver_weather_temp_avg_c.4c39751c92, now test.pipeline_dbt.unique_silver_weather_date.89dfea3c81)
[0m00:41:20.111694 [debug] [Thread-1 (]: Began compiling node test.pipeline_dbt.unique_silver_weather_date.89dfea3c81
[0m00:41:20.120263 [debug] [Thread-1 (]: Writing injected SQL for node "test.pipeline_dbt.unique_silver_weather_date.89dfea3c81"
[0m00:41:20.121849 [debug] [Thread-1 (]: Began executing node test.pipeline_dbt.unique_silver_weather_date.89dfea3c81
[0m00:41:20.122761 [debug] [Thread-1 (]: Finished running node test.pipeline_dbt.unique_silver_weather_date.89dfea3c81
[0m00:41:20.123212 [debug] [Thread-1 (]: Began running node test.pipeline_dbt.not_null_gold_daily_summary_date.634f598b64
[0m00:41:20.123642 [debug] [Thread-1 (]: Re-using an available connection from the pool (formerly test.pipeline_dbt.unique_silver_weather_date.89dfea3c81, now test.pipeline_dbt.not_null_gold_daily_summary_date.634f598b64)
[0m00:41:20.124026 [debug] [Thread-1 (]: Began compiling node test.pipeline_dbt.not_null_gold_daily_summary_date.634f598b64
[0m00:41:20.130571 [debug] [Thread-1 (]: Writing injected SQL for node "test.pipeline_dbt.not_null_gold_daily_summary_date.634f598b64"
[0m00:41:20.131796 [debug] [Thread-1 (]: Began executing node test.pipeline_dbt.not_null_gold_daily_summary_date.634f598b64
[0m00:41:20.132792 [debug] [Thread-1 (]: Finished running node test.pipeline_dbt.not_null_gold_daily_summary_date.634f598b64
[0m00:41:20.133393 [debug] [Thread-1 (]: Began running node test.pipeline_dbt.not_null_gold_daily_summary_total_rides.d754636c9e
[0m00:41:20.134401 [debug] [Thread-1 (]: Re-using an available connection from the pool (formerly test.pipeline_dbt.not_null_gold_daily_summary_date.634f598b64, now test.pipeline_dbt.not_null_gold_daily_summary_total_rides.d754636c9e)
[0m00:41:20.134848 [debug] [Thread-1 (]: Began compiling node test.pipeline_dbt.not_null_gold_daily_summary_total_rides.d754636c9e
[0m00:41:20.144855 [debug] [Thread-1 (]: Writing injected SQL for node "test.pipeline_dbt.not_null_gold_daily_summary_total_rides.d754636c9e"
[0m00:41:20.146408 [debug] [Thread-1 (]: Began executing node test.pipeline_dbt.not_null_gold_daily_summary_total_rides.d754636c9e
[0m00:41:20.147468 [debug] [Thread-1 (]: Finished running node test.pipeline_dbt.not_null_gold_daily_summary_total_rides.d754636c9e
[0m00:41:20.147906 [debug] [Thread-1 (]: Began running node test.pipeline_dbt.unique_gold_daily_summary_date.22cd5b2bac
[0m00:41:20.148324 [debug] [Thread-1 (]: Re-using an available connection from the pool (formerly test.pipeline_dbt.not_null_gold_daily_summary_total_rides.d754636c9e, now test.pipeline_dbt.unique_gold_daily_summary_date.22cd5b2bac)
[0m00:41:20.148680 [debug] [Thread-1 (]: Began compiling node test.pipeline_dbt.unique_gold_daily_summary_date.22cd5b2bac
[0m00:41:20.158275 [debug] [Thread-1 (]: Writing injected SQL for node "test.pipeline_dbt.unique_gold_daily_summary_date.22cd5b2bac"
[0m00:41:20.159716 [debug] [Thread-1 (]: Began executing node test.pipeline_dbt.unique_gold_daily_summary_date.22cd5b2bac
[0m00:41:20.160807 [debug] [Thread-1 (]: Finished running node test.pipeline_dbt.unique_gold_daily_summary_date.22cd5b2bac
[0m00:41:20.162064 [debug] [MainThread]: Connection 'master' was properly closed.
[0m00:41:20.162416 [debug] [MainThread]: Connection 'list_neondb_public_public' was properly closed.
[0m00:41:20.162693 [debug] [MainThread]: Connection 'test.pipeline_dbt.unique_gold_daily_summary_date.22cd5b2bac' was properly closed.
[0m00:41:20.164871 [debug] [MainThread]: Command end result
[0m00:41:20.208106 [debug] [MainThread]: Wrote artifact WritableManifest to pipeline_dbt\target\manifest.json
[0m00:41:20.212078 [debug] [MainThread]: Wrote artifact SemanticManifest to pipeline_dbt\target\semantic_manifest.json
[0m00:41:20.215613 [debug] [MainThread]: Wrote artifact OsiDocument to pipeline_dbt\target\osi_document.json
[0m00:41:20.227152 [debug] [MainThread]: Wrote artifact RunExecutionResult to pipeline_dbt\target\run_results.json
[0m00:41:20.228261 [debug] [MainThread]: Command `dbt compile` succeeded at 00:41:20.228112 after 5.43 seconds
[0m00:41:20.228689 [debug] [MainThread]: Sending event: {'category': 'dbt', 'action': 'invocation', 'label': 'end', 'context': [<snowplow_tracker.self_describing_json.SelfDescribingJson object at 0x000002C9288EC1B0>, <snowplow_tracker.self_describing_json.SelfDescribingJson object at 0x000002C9279DFED0>, <snowplow_tracker.self_describing_json.SelfDescribingJson object at 0x000002C9288A0CD0>]}
[0m00:41:20.229080 [debug] [MainThread]: Flushing usage events
[0m00:41:21.567937 [debug] [MainThread]: An error was encountered while trying to flush usage events
