[0m00:17:36.161128 [debug] [MainThread]: Sending event: {'category': 'dbt', 'action': 'invocation', 'label': 'start', 'context': [<snowplow_tracker.self_describing_json.SelfDescribingJson object at 0x0000020E30C3D010>, <snowplow_tracker.self_describing_json.SelfDescribingJson object at 0x0000020E2E4E4E10>, <snowplow_tracker.self_describing_json.SelfDescribingJson object at 0x0000020E335DB9D0>]}


============================== 00:17:36.173691 | ece958b6-0714-4771-b039-d7a939fcac6c ==============================
[0m00:17:36.173691 [info ] [MainThread]: Running with dbt=1.12.0
[0m00:17:36.174660 [debug] [MainThread]: running dbt with arguments {'static_parser': 'True', 'no_print': 'None', 'maximum_seed_size_mib': '1', 'target_path': 'None', 'warn_error_options': 'WarnErrorOptionsV2(error=[], warn=[], silence=[])', 'version_check': 'True', 'printer_width': '80', 'write_json': 'True', 'empty': 'None', 'log_cache_events': 'False', 'introspect': 'True', 'cache_selected_only': 'False', 'fail_fast': 'False', 'debug': 'False', 'log_format': 'default', 'partial_parse': 'True', 'send_anonymous_usage_stats': 'True', 'quiet': 'False', 'warn_error': 'None', 'profiles_dir': 'C:\\Users\\boraa\\.dbt', 'indirect_selection': 'eager', 'hints_enabled': 'True', 'invocation_command': 'dbt init pipeline_dbt', 'use_experimental_parser': 'False', 'use_colors': 'True', 'log_path': 'logs'}
[0m00:17:36.188584 [info ] [MainThread]: Creating dbt configuration folder at C:\Users\boraa\.dbt
[0m00:17:36.191452 [info ] [MainThread]: A project called pipeline_dbt already exists here.
[0m00:17:36.192774 [debug] [MainThread]: Command `python -m dbt.cli.main init` succeeded at 00:17:36.192540 after 0.21 seconds
[0m00:17:36.193340 [debug] [MainThread]: Sending event: {'category': 'dbt', 'action': 'invocation', 'label': 'end', 'context': [<snowplow_tracker.self_describing_json.SelfDescribingJson object at 0x0000020E33393490>, <snowplow_tracker.self_describing_json.SelfDescribingJson object at 0x0000020E336A8710>, <snowplow_tracker.self_describing_json.SelfDescribingJson object at 0x0000020E335EF8A0>]}
[0m00:17:36.193980 [debug] [MainThread]: Flushing usage events
[0m00:17:37.546270 [debug] [MainThread]: An error was encountered while trying to flush usage events
[0m00:20:43.775756 [debug] [MainThread]: Sending event: {'category': 'dbt', 'action': 'invocation', 'label': 'start', 'context': [<snowplow_tracker.self_describing_json.SelfDescribingJson object at 0x000002B2DF389010>, <snowplow_tracker.self_describing_json.SelfDescribingJson object at 0x000002B2DCC48E10>, <snowplow_tracker.self_describing_json.SelfDescribingJson object at 0x000002B2E1D279D0>]}


============================== 00:20:43.784448 | 149c34f8-f9ae-407c-9cce-83da1459525e ==============================
[0m00:20:43.784448 [info ] [MainThread]: Running with dbt=1.12.0
[0m00:20:43.785128 [debug] [MainThread]: running dbt with arguments {'version_check': 'True', 'no_print': 'None', 'static_parser': 'True', 'target_path': 'None', 'maximum_seed_size_mib': '1', 'warn_error_options': 'WarnErrorOptionsV2(error=[], warn=[], silence=[])', 'printer_width': '80', 'write_json': 'True', 'empty': 'None', 'log_cache_events': 'False', 'introspect': 'True', 'cache_selected_only': 'False', 'log_format': 'default', 'debug': 'False', 'fail_fast': 'False', 'partial_parse': 'True', 'send_anonymous_usage_stats': 'True', 'quiet': 'False', 'warn_error': 'None', 'profiles_dir': 'C:\\Users\\boraa\\.dbt', 'invocation_command': 'dbt debug', 'hints_enabled': 'True', 'use_colors': 'True', 'use_experimental_parser': 'False', 'indirect_selection': 'eager', 'log_path': 'logs'}
[0m00:20:43.796347 [info ] [MainThread]: dbt version: 1.12.0
[0m00:20:43.797146 [info ] [MainThread]: python version: 3.14.5
[0m00:20:43.797593 [info ] [MainThread]: python path: D:\Desktop\DE_Pipeline\dbt-env\Scripts\python.exe
[0m00:20:43.798075 [info ] [MainThread]: os info: Windows-11-10.0.26200-SP0
[0m00:20:43.798741 [info ] [MainThread]: Using profiles dir at C:\Users\boraa\.dbt
[0m00:20:43.799144 [info ] [MainThread]: Using profiles.yml file at C:\Users\boraa\.dbt\profiles.yml
[0m00:20:43.799681 [info ] [MainThread]: Using dbt_project.yml file at D:\Desktop\DE_Pipeline\dbt_project.yml
[0m00:20:43.800165 [info ] [MainThread]: Configuration:
[0m00:20:43.800583 [info ] [MainThread]:   profiles.yml file [[31mERROR not found[0m]
[0m00:20:43.800989 [info ] [MainThread]:   dbt_project.yml file [[31mERROR not found[0m]
[0m00:20:43.801426 [info ] [MainThread]: Required dependencies:
[0m00:20:43.801784 [debug] [MainThread]: Executing "git --help"
[0m00:20:43.860815 [debug] [MainThread]: STDOUT: "b"usage: git [-v | --version] [-h | --help] [-C <path>] [-c <name>=<value>]\n           [--exec-path[=<path>]] [--html-path] [--man-path] [--info-path]\n           [-p | --paginate | -P | --no-pager] [--no-replace-objects] [--no-lazy-fetch]\n           [--no-optional-locks] [--no-advice] [--bare] [--git-dir=<path>]\n           [--work-tree=<path>] [--namespace=<name>] [--config-env=<name>=<envvar>]\n           <command> [<args>]\n\nThese are common Git commands used in various situations:\n\nstart a working area (see also: git help tutorial)\n   clone      Clone a repository into a new directory\n   init       Create an empty Git repository or reinitialize an existing one\n\nwork on the current change (see also: git help everyday)\n   add        Add file contents to the index\n   mv         Move or rename a file, a directory, or a symlink\n   restore    Restore working tree files\n   rm         Remove files from the working tree and from the index\n\nexamine the history and state (see also: git help revisions)\n   bisect     Use binary search to find the commit that introduced a bug\n   diff       Show changes between commits, commit and working tree, etc\n   grep       Print lines matching a pattern\n   log        Show commit logs\n   show       Show various types of objects\n   status     Show the working tree status\n\ngrow, mark and tweak your common history\n   backfill   Download missing objects in a partial clone\n   branch     List, create, or delete branches\n   commit     Record changes to the repository\n   history    EXPERIMENTAL: Rewrite history\n   merge      Join two or more development histories together\n   rebase     Reapply commits on top of another base tip\n   reset      Set `HEAD` or the index to a known state\n   switch     Switch branches\n   tag        Create, list, delete or verify tags\n\ncollaborate (see also: git help workflows)\n   fetch      Download objects and refs from another repository\n   pull       Fetch from and integrate with another repository or a local branch\n   push       Update remote refs along with associated objects\n\n'git help -a' and 'git help -g' list available subcommands and some\nconcept guides. See 'git help <command>' or 'git help <concept>'\nto read about a specific subcommand or concept.\nSee 'git help git' for an overview of the system.\n""
[0m00:20:43.861617 [debug] [MainThread]: STDERR: "b''"
[0m00:20:43.862168 [info ] [MainThread]:  - git [[32mOK found[0m]

[0m00:20:43.862780 [info ] [MainThread]: Connection test skipped since no profile was found
[0m00:20:43.863399 [info ] [MainThread]: [31m2 checks failed:[0m
[0m00:20:43.863882 [info ] [MainThread]: dbt looked for a profiles.yml file in C:\Users\boraa\.dbt\profiles.yml, but did
not find one. For more information on configuring your profile, consult the
documentation:

https://docs.getdbt.com/docs/configure-your-profile


[0m00:20:43.864365 [info ] [MainThread]: Project loading failed for the following reason:
 project path <D:\Desktop\DE_Pipeline\dbt_project.yml> not found

[0m00:20:43.865446 [debug] [MainThread]: Command `python -m dbt.cli.main debug` failed at 00:20:43.865254 after 0.26 seconds
[0m00:20:43.865845 [debug] [MainThread]: Sending event: {'category': 'dbt', 'action': 'invocation', 'label': 'end', 'context': [<snowplow_tracker.self_describing_json.SelfDescribingJson object at 0x000002B2E1AE3490>, <snowplow_tracker.self_describing_json.SelfDescribingJson object at 0x000002B2E1DF9130>, <snowplow_tracker.self_describing_json.SelfDescribingJson object at 0x000002B2E1D3B9B0>]}
[0m00:20:43.866251 [debug] [MainThread]: Flushing usage events
[0m00:20:45.021144 [debug] [MainThread]: An error was encountered while trying to flush usage events
